This is pdfTeX, Version 3.141592653-2.6-1.40.27 (MiKTeX 25.4) (preloaded format=pdflatex 2025.9.15)  16 SEP 2025 15:11
entering extended mode
 restricted \write18 enabled.
 file:line:error style messages enabled.
 %&-line parsing enabled.
**d:/Uni/Tesi/Nova/Tesi_LaTeX/tesi.tex
(d:/Uni/Tesi/Nova/Tesi_LaTeX/tesi.tex
LaTeX2e <2025-06-01> patch level 1
L3 programming layer <2025-08-13>
(C:\Users\Anto\AppData\Local\Programs\MiKTeX\tex/latex/base\report.cls
Document Class: report 2025/01/22 v1.4n Standard LaTeX document class
(C:\Users\Anto\AppData\Local\Programs\MiKTeX\tex/latex/base\size11.clo
File: size11.clo 2025/01/22 v1.4n Standard LaTeX file (size option)
)
\c@part=\count275
\c@chapter=\count276
\c@section=\count277
\c@subsection=\count278
\c@subsubsection=\count279
\c@paragraph=\count280
\c@subparagraph=\count281
\c@figure=\count282
\c@table=\count283
\abovecaptionskip=\skip49
\belowcaptionskip=\skip50
\bibindent=\dimen148
) (C:\Users\Anto\AppData\Local\Programs\MiKTeX\tex/latex/base\inputenc.sty
Package: inputenc 2024/02/08 v1.3d Input encoding file
\inpenc@prehook=\toks17
\inpenc@posthook=\toks18
) (C:\Users\Anto\AppData\Local\Programs\MiKTeX\tex/latex/base\fontenc.sty
Package: fontenc 2024/12/21 v2.1c Standard LaTeX package
) (C:\Users\Anto\AppData\Local\Programs\MiKTeX\tex/latex/graphics\graphicx.sty
Package: graphicx 2024/12/31 v1.2e Enhanced LaTeX Graphics (DPC,SPQR)
 (C:\Users\Anto\AppData\Local\Programs\MiKTeX\tex/latex/graphics\keyval.sty
Package: keyval 2022/05/29 v1.15 key=value parser (DPC)
\KV@toks@=\toks19
) (C:\Users\Anto\AppData\Local\Programs\MiKTeX\tex/latex/graphics\graphics.sty
Package: graphics 2024/08/06 v1.4g Standard LaTeX Graphics (DPC,SPQR)
 (C:\Users\Anto\AppData\Local\Programs\MiKTeX\tex/latex/graphics\trig.sty
Package: trig 2023/12/02 v1.11 sin cos tan (DPC)
) (C:\Users\Anto\AppData\Local\Programs\MiKTeX\tex/latex/graphics-cfg\graphics.cfg
File: graphics.cfg 2016/06/04 v1.11 sample graphics configuration
)
Package graphics Info: Driver file: pdftex.def on input line 106.
 (C:\Users\Anto\AppData\Local\Programs\MiKTeX\tex/latex/graphics-def\pdftex.def
File: pdftex.def 2024/04/13 v1.2c Graphics/color driver for pdftex
))
\Gin@req@height=\dimen149
\Gin@req@width=\dimen150
) (C:\Users\Anto\AppData\Local\Programs\MiKTeX\tex/latex/geometry\geometry.sty
Package: geometry 2020/01/02 v5.9 Page Geometry
 (C:\Users\Anto\AppData\Local\Programs\MiKTeX\tex/generic/iftex\ifvtex.sty
Package: ifvtex 2019/10/25 v1.7 ifvtex legacy package. Use iftex instead.
 (C:\Users\Anto\AppData\Local\Programs\MiKTeX\tex/generic/iftex\iftex.sty
Package: iftex 2024/12/12 v1.0g TeX engine tests
))
\Gm@cnth=\count284
\Gm@cntv=\count285
\c@Gm@tempcnt=\count286
\Gm@bindingoffset=\dimen151
\Gm@wd@mp=\dimen152
\Gm@odd@mp=\dimen153
\Gm@even@mp=\dimen154
\Gm@layoutwidth=\dimen155
\Gm@layoutheight=\dimen156
\Gm@layouthoffset=\dimen157
\Gm@layoutvoffset=\dimen158
\Gm@dimlist=\toks20
 (C:\Users\Anto\AppData\Local\Programs\MiKTeX\tex/latex/geometry\geometry.cfg)) (C:\Users\Anto\AppData\Local\Programs\MiKTeX\tex/latex/hyperref\hyperref.sty
Package: hyperref 2025-07-12 v7.01o Hypertext links for LaTeX
 (C:\Users\Anto\AppData\Local\Programs\MiKTeX\tex/latex/kvsetkeys\kvsetkeys.sty
Package: kvsetkeys 2022-10-05 v1.19 Key value parser (HO)
) (C:\Users\Anto\AppData\Local\Programs\MiKTeX\tex/generic/kvdefinekeys\kvdefinekeys.sty
Package: kvdefinekeys 2019-12-19 v1.6 Define keys (HO)
) (C:\Users\Anto\AppData\Local\Programs\MiKTeX\tex/generic/pdfescape\pdfescape.sty
Package: pdfescape 2019/12/09 v1.15 Implements pdfTeX's escape features (HO)
 (C:\Users\Anto\AppData\Local\Programs\MiKTeX\tex/generic/ltxcmds\ltxcmds.sty
Package: ltxcmds 2023-12-04 v1.26 LaTeX kernel commands for general use (HO)
) (C:\Users\Anto\AppData\Local\Programs\MiKTeX\tex/generic/pdftexcmds\pdftexcmds.sty
Package: pdftexcmds 2020-06-27 v0.33 Utility functions of pdfTeX for LuaTeX (HO)
 (C:\Users\Anto\AppData\Local\Programs\MiKTeX\tex/generic/infwarerr\infwarerr.sty
Package: infwarerr 2019/12/03 v1.5 Providing info/warning/error messages (HO)
)
Package pdftexcmds Info: \pdf@primitive is available.
Package pdftexcmds Info: \pdf@ifprimitive is available.
Package pdftexcmds Info: \pdfdraftmode found.
)) (C:\Users\Anto\AppData\Local\Programs\MiKTeX\tex/latex/hycolor\hycolor.sty
Package: hycolor 2020-01-27 v1.10 Color options for hyperref/bookmark (HO)
) (C:\Users\Anto\AppData\Local\Programs\MiKTeX\tex/latex/hyperref\nameref.sty
Package: nameref 2025-06-21 v2.57 Cross-referencing by name of section
 (C:\Users\Anto\AppData\Local\Programs\MiKTeX\tex/latex/refcount\refcount.sty
Package: refcount 2019/12/15 v3.6 Data extraction from label references (HO)
) (C:\Users\Anto\AppData\Local\Programs\MiKTeX\tex/generic/gettitlestring\gettitlestring.sty
Package: gettitlestring 2019/12/15 v1.6 Cleanup title references (HO)
 (C:\Users\Anto\AppData\Local\Programs\MiKTeX\tex/latex/kvoptions\kvoptions.sty
Package: kvoptions 2022-06-15 v3.15 Key value format for package options (HO)
))
\c@section@level=\count287
) (C:\Users\Anto\AppData\Local\Programs\MiKTeX\tex/latex/etoolbox\etoolbox.sty
Package: etoolbox 2025/02/11 v2.5l e-TeX tools for LaTeX (JAW)
\etb@tempcnta=\count288
) (C:\Users\Anto\AppData\Local\Programs\MiKTeX\tex/generic/stringenc\stringenc.sty
Package: stringenc 2019/11/29 v1.12 Convert strings between diff. encodings (HO)
)
\@linkdim=\dimen159
\Hy@linkcounter=\count289
\Hy@pagecounter=\count290
 (C:\Users\Anto\AppData\Local\Programs\MiKTeX\tex/latex/hyperref\pd1enc.def
File: pd1enc.def 2025-07-12 v7.01o Hyperref: PDFDocEncoding definition (HO)
Now handling font encoding PD1 ...
... no UTF-8 mapping file for font encoding PD1
) (C:\Users\Anto\AppData\Local\Programs\MiKTeX\tex/generic/intcalc\intcalc.sty
Package: intcalc 2019/12/15 v1.3 Expandable calculations with integers (HO)
)
\Hy@SavedSpaceFactor=\count291
 (C:\Users\Anto\AppData\Local\Programs\MiKTeX\tex/latex/hyperref\puenc.def
File: puenc.def 2025-07-12 v7.01o Hyperref: PDF Unicode definition (HO)
Now handling font encoding PU ...
... no UTF-8 mapping file for font encoding PU
)
Package hyperref Info: Hyper figures OFF on input line 4195.
Package hyperref Info: Link nesting OFF on input line 4200.
Package hyperref Info: Hyper index ON on input line 4203.
Package hyperref Info: Plain pages OFF on input line 4210.
Package hyperref Info: Backreferencing OFF on input line 4215.
Package hyperref Info: Implicit mode ON; LaTeX internals redefined.
Package hyperref Info: Bookmarks ON on input line 4462.
\c@Hy@tempcnt=\count292
 (C:\Users\Anto\AppData\Local\Programs\MiKTeX\tex/latex/url\url.sty
\Urlmuskip=\muskip17
Package: url 2013/09/16  ver 3.4  Verb mode for urls, etc.
)
LaTeX Info: Redefining \url on input line 4801.
\XeTeXLinkMargin=\dimen160
 (C:\Users\Anto\AppData\Local\Programs\MiKTeX\tex/generic/bitset\bitset.sty
Package: bitset 2019/12/09 v1.3 Handle bit-vector datatype (HO)
 (C:\Users\Anto\AppData\Local\Programs\MiKTeX\tex/generic/bigintcalc\bigintcalc.sty
Package: bigintcalc 2019/12/15 v1.5 Expandable calculations on big integers (HO)
))
\Fld@menulength=\count293
\Field@Width=\dimen161
\Fld@charsize=\dimen162
Package hyperref Info: Hyper figures OFF on input line 6078.
Package hyperref Info: Link nesting OFF on input line 6083.
Package hyperref Info: Hyper index ON on input line 6086.
Package hyperref Info: backreferencing OFF on input line 6093.
Package hyperref Info: Link coloring OFF on input line 6098.
Package hyperref Info: Link coloring with OCG OFF on input line 6103.
Package hyperref Info: PDF/A mode OFF on input line 6108.
\Hy@abspage=\count294
\c@Item=\count295
\c@Hfootnote=\count296
)
Package hyperref Info: Driver (autodetected): hpdftex.
 (C:\Users\Anto\AppData\Local\Programs\MiKTeX\tex/latex/hyperref\hpdftex.def
File: hpdftex.def 2025-07-12 v7.01o Hyperref driver for pdfTeX
\Fld@listcount=\count297
\c@bookmark@seq@number=\count298
 (C:\Users\Anto\AppData\Local\Programs\MiKTeX\tex/latex/rerunfilecheck\rerunfilecheck.sty
Package: rerunfilecheck 2025-06-21 v1.11 Rerun checks for auxiliary files (HO)
 (C:\Users\Anto\AppData\Local\Programs\MiKTeX\tex/generic/uniquecounter\uniquecounter.sty
Package: uniquecounter 2019/12/15 v1.4 Provide unlimited unique counter (HO)
)
Package uniquecounter Info: New unique counter `rerunfilecheck' on input line 284.
)
\Hy@SectionHShift=\skip51
) (C:\Users\Anto\AppData\Local\Programs\MiKTeX\tex/latex/psnfss\times.sty
Package: times 2020/03/25 PSNFSS-v9.3 (SPQR) 
)
Package hyperref Info: Option `colorlinks' set `true' on input line 20.
LaTeX Font Info:    Trying to load font information for T1+ptm on input line 32.
 (C:\Users\Anto\AppData\Local\Programs\MiKTeX\tex/latex/psnfss\t1ptm.fd
File: t1ptm.fd 2001/06/04 font definitions for T1/ptm.
) (C:\Users\Anto\AppData\Local\Programs\MiKTeX\tex/latex/l3backend\l3backend-pdftex.def
File: l3backend-pdftex.def 2025-06-09 L3 backend support: PDF output (pdfTeX)
\l__color_backend_stack_int=\count299
) (tesi.aux (introduzione.aux) (stato_arte.aux) (architettura.aux) (implementazione.aux) (risultati.aux) (conclusioni.aux))
\openout1 = `tesi.aux'.

LaTeX Font Info:    Checking defaults for OML/cmm/m/it on input line 32.
LaTeX Font Info:    ... okay on input line 32.
LaTeX Font Info:    Checking defaults for OMS/cmsy/m/n on input line 32.
LaTeX Font Info:    ... okay on input line 32.
LaTeX Font Info:    Checking defaults for OT1/cmr/m/n on input line 32.
LaTeX Font Info:    ... okay on input line 32.
LaTeX Font Info:    Checking defaults for T1/cmr/m/n on input line 32.
LaTeX Font Info:    ... okay on input line 32.
LaTeX Font Info:    Checking defaults for TS1/cmr/m/n on input line 32.
LaTeX Font Info:    ... okay on input line 32.
LaTeX Font Info:    Checking defaults for OMX/cmex/m/n on input line 32.
LaTeX Font Info:    ... okay on input line 32.
LaTeX Font Info:    Checking defaults for U/cmr/m/n on input line 32.
LaTeX Font Info:    ... okay on input line 32.
LaTeX Font Info:    Checking defaults for PD1/pdf/m/n on input line 32.
LaTeX Font Info:    ... okay on input line 32.
LaTeX Font Info:    Checking defaults for PU/pdf/m/n on input line 32.
LaTeX Font Info:    ... okay on input line 32.
 (C:\Users\Anto\AppData\Local\Programs\MiKTeX\tex/context/base/mkii\supp-pdf.mkii
[Loading MPS to PDF converter (version 2006.09.02).]
\scratchcounter=\count300
\scratchdimen=\dimen163
\scratchbox=\box53
\nofMPsegments=\count301
\nofMParguments=\count302
\everyMPshowfont=\toks21
\MPscratchCnt=\count303
\MPscratchDim=\dimen164
\MPnumerator=\count304
\makeMPintoPDFobject=\count305
\everyMPtoPDFconversion=\toks22
) (C:\Users\Anto\AppData\Local\Programs\MiKTeX\tex/latex/epstopdf-pkg\epstopdf-base.sty
Package: epstopdf-base 2020-01-24 v2.11 Base part for package epstopdf
Package epstopdf-base Info: Redefining graphics rule for `.eps' on input line 485.
 (C:\Users\Anto\AppData\Local\Programs\MiKTeX\tex/latex/00miktex\epstopdf-sys.cfg
File: epstopdf-sys.cfg 2021/03/18 v2.0 Configuration of epstopdf for MiKTeX
))
*geometry* driver: auto-detecting
*geometry* detected driver: pdftex
*geometry* verbose mode - [ preamble ] result:
* driver: pdftex
* paper: a4paper
* layout: <same size as paper>
* layoutoffset:(h,v)=(0.0pt,0.0pt)
* modes: 
* h-part:(L,W,R)=(85.35826pt, 426.79135pt, 85.35826pt)
* v-part:(T,H,B)=(85.35826pt, 674.33032pt, 85.35826pt)
* \paperwidth=597.50787pt
* \paperheight=845.04684pt
* \textwidth=426.79135pt
* \textheight=674.33032pt
* \oddsidemargin=13.08827pt
* \evensidemargin=13.08827pt
* \topmargin=-23.91173pt
* \headheight=12.0pt
* \headsep=25.0pt
* \topskip=11.0pt
* \footskip=30.0pt
* \marginparwidth=50.0pt
* \marginparsep=10.0pt
* \columnsep=10.0pt
* \skip\footins=10.0pt plus 4.0pt minus 2.0pt
* \hoffset=0.0pt
* \voffset=0.0pt
* \mag=1000
* \@twocolumnfalse
* \@twosidefalse
* \@mparswitchfalse
* \@reversemarginfalse
* (1in=72.27pt=25.4mm, 1cm=28.453pt)

(C:\Users\Anto\AppData\Local\Programs\MiKTeX\tex/latex/graphics\color.sty
Package: color 2025/01/14 v1.3e Standard LaTeX Color (DPC)
 (C:\Users\Anto\AppData\Local\Programs\MiKTeX\tex/latex/graphics-cfg\color.cfg
File: color.cfg 2016/01/02 v1.6 sample color configuration
)
Package color Info: Driver file: pdftex.def on input line 149.
 (C:\Users\Anto\AppData\Local\Programs\MiKTeX\tex/latex/graphics\mathcolor.ltx))
Package hyperref Info: Link coloring ON on input line 32.
 (tesi.out) (tesi.out)
\@outlinefile=\write3
\openout3 = `tesi.out'.

LaTeX Font Info:    External font `cmex10' loaded for size
(Font)              <12> on input line 35.
LaTeX Font Info:    External font `cmex10' loaded for size
(Font)              <8> on input line 35.
LaTeX Font Info:    External font `cmex10' loaded for size
(Font)              <6> on input line 35.


[1

{C:/Users/Anto/AppData/Local/MiKTeX/fonts/map/pdftex/pdftex.map}{C:/Users/Anto/AppData/Local/Programs/MiKTeX/fonts/enc/dvips/base/8r.enc}]


pdfTeX warning (ext4): destination with the same identifier (name{page.1}) has been already used, duplicate ignored
<to be read again> 
                   \relax 
l.41 \end{abstract}
                    [1] (tesi.toc
LaTeX Font Info:    External font `cmex10' loaded for size
(Font)              <10.95> on input line 2.



pdfTeX warning (ext4): destination with the same identifier (name{page.1}) has been already used, duplicate ignored
<to be read again> 
                   \relax 
l.36 ...Risultati e Caso di Studio}{21}{chapter.5}
                                                  % [1

])
\tf@toc=\write4
\openout4 = `tesi.toc'.



[2]
\openout2 = `introduzione.aux'.

 (introduzione.tex
Chapter 1.
LaTeX Font Info:    Trying to load font information for TS1+ptm on input line 13.
(C:\Users\Anto\AppData\Local\Programs\MiKTeX\tex/latex/psnfss\ts1ptm.fd
File: ts1ptm.fd 2001/06/04 font definitions for TS1/ptm.
)

[3



]
Overfull \hbox (30.38728pt too wide) in paragraph at lines 41--42
\T1/ptm/m/n/10.95 tema, il-lus-trando i com-po-nenti prin-ci-pali e i flussi di dati, con par-ti-co-lare at-ten-zione all'integrazione
 []



[4])

[5]
\openout2 = `stato_arte.aux'.

 (stato_arte.tex
Chapter 2.


[6




]

[7]
LaTeX Font Info:    Trying to load font information for T1+pcr on input line 45.
 (C:\Users\Anto\AppData\Local\Programs\MiKTeX\tex/latex/psnfss\t1pcr.fd
File: t1pcr.fd 2001/06/04 font definitions for T1/pcr.
)

[8])

[9]
\openout2 = `architettura.aux'.

 (architettura.tex
Chapter 3.

LaTeX Warning: Reference `fig:architettura' on page 10 undefined on input line 19.



[10




]
Overfull \hbox (2.61046pt too wide) in paragraph at lines 34--35
[]\T1/pcr/m/n/10.95 data-simply-field="nomeCampo"\T1/ptm/m/n/10.95 : des-igna un sin-golo el-e-mento (un titolo, un para-
 []


Overfull \hbox (51.49963pt too wide) in paragraph at lines 49--50
[]\T1/ptm/m/n/10.95 Immediatamente dopo il suc-cesso della scrit-tura su disco, il server, tramite il mod-ulo \T1/pcr/m/n/10.95 child_process
 []



[11]
Overfull \hbox (46.12546pt too wide) in paragraph at lines 74--75
[]\T1/ptm/m/n/10.95 Viene in-vece es-posto un end-point sul nos-tro server Node.js: \T1/pcr/m/n/10.95 GET /api/search-publications\T1/ptm/m/n/10.95 . 
 []



[12])

[13]
\openout2 = `implementazione.aux'.

 (implementazione.tex
Chapter 4.

Overfull \hbox (6.82813pt too wide) in paragraph at lines 45--45
[]  \T1/pcr/m/n/10.95 cookie: { secure: false, maxAge: 24 * 60 * 60 * 1000 } // 24 ore[] 
 []



[14




]
Overfull \hbox (39.67809pt too wide) in paragraph at lines 45--45
[]\T1/pcr/m/n/10.95 app.post('/create-blank-page', isAuthenticated, handleCreateBlankPage);[] 
 []


Overfull \hbox (111.948pt too wide) in paragraph at lines 45--45
[]\T1/pcr/m/n/10.95 app.post('/create-page-from-template', isAuthenticated, handleCreateFromTemplate);[] 
 []


Overfull \hbox (6.82813pt too wide) in paragraph at lines 45--45
[]  \T1/pcr/m/n/10.95 console.log(`Server in esecuzione su http://localhost:${port}`);[] 
 []


Overfull \hbox (59.38806pt too wide) in paragraph at lines 89--89
[]  \T1/pcr/m/n/10.95 res.status(401).json({ error: 'Accesso negato. Effettuare il login.' });[] 
 []


Overfull \hbox (59.38806pt too wide) in paragraph at lines 89--89
[]    \T1/pcr/m/n/10.95 res.json({ success: true, message: 'Login effettuato con successo' });[] 
 []


Overfull \hbox (85.66803pt too wide) in paragraph at lines 89--89
[]    \T1/pcr/m/n/10.95 res.status(401).json({ success: false, error: 'Credenziali non valide' });[] 
 []


Overfull \hbox (52.81807pt too wide) in paragraph at lines 89--89
[]      \T1/pcr/m/n/10.95 return res.status(500).json({ error: 'Errore durante il logout' });[] 
 []


Overfull \hbox (65.95805pt too wide) in paragraph at lines 89--89
[]    \T1/pcr/m/n/10.95 res.json({ success: true, message: 'Logout effettuato con successo' });[] 
 []



[15]
Overfull \hbox (0.25813pt too wide) in paragraph at lines 142--142
[]\T1/pcr/m/n/10.95 app.put('/data/data.json', isAuthenticated, async (req, res) => {[] 
 []


Overfull \hbox (92.23802pt too wide) in paragraph at lines 142--142
[]  \T1/pcr/m/n/10.95 const content = JSON.stringify(req.body, null, 2); // Formattazione leggibile[] 
 []


Overfull \hbox (13.39812pt too wide) in paragraph at lines 142--142
[]    \T1/pcr/m/n/10.95 const commitMessage = `Aggiornamento contenuti - ${timestamp}`;[] 
 []


Overfull \hbox (26.5381pt too wide) in paragraph at lines 142--142
[]    \T1/pcr/m/n/10.95 exec(`git add "${filePath}"`, (addErr, addStdout, addStderr) => {[] 
 []



[16]
Overfull \hbox (85.66803pt too wide) in paragraph at lines 142--142
[]    \T1/pcr/m/n/10.95 res.status(500).json({ error: 'Errore durante il salvataggio del file' });[] 
 []


Overfull \hbox (19.96811pt too wide) in paragraph at lines 210--210
[]      \T1/pcr/m/n/10.95 error: 'La query di ricerca deve contenere almeno 3 caratteri'[] 
 []


Overfull \hbox (46.24808pt too wide) in paragraph at lines 210--210
[]      \T1/pcr/m/n/10.95 `https://art.torvergata.it/search?q=${encodeURIComponent(query)}`;[] 
 []


Overfull \hbox (79.09804pt too wide) in paragraph at lines 210--210
[]        \T1/pcr/m/n/10.95 const link = `https://art.torvergata.it${titleElement.attr('href')}`;[] 
 []



[17]

[18]
Overfull \hbox (52.81807pt too wide) in paragraph at lines 254--254
[]        \T1/pcr/m/n/10.95 const editButton = document.getElementById('simply-edit-toggle');[] 
 []


Overfull \hbox (46.24808pt too wide) in paragraph at lines 254--254
[]          \T1/pcr/m/n/10.95 editButton.style.display = isAuthenticated ? 'block' : 'none';[] 
 []


Overfull \hbox (59.38806pt too wide) in paragraph at lines 254--254
[]        \T1/pcr/m/n/10.95 if (!isAuthenticated && window.location.hash === '#simply-edit') {[] 
 []


Overfull \hbox (33.1081pt too wide) in paragraph at lines 298--298
[]      \T1/pcr/m/n/10.95 let newPagePath = new URL(url, window.location.origin).pathname;[] 
 []


Overfull \hbox (19.96811pt too wide) in paragraph at lines 298--298
[]      \T1/pcr/m/n/10.95 // Determina il tipo di creazione (pagina vuota o da template)[] 
 []



[19]
Overfull \hbox (13.39812pt too wide) in paragraph at lines 298--298
[]        \T1/pcr/m/n/10.95 console.error('Errore richiesta creazione pagina:', error);[] 
 []

)

[20]
\openout2 = `risultati.aux'.

 (risultati.tex
Chapter 5.
)

[21




]
\openout2 = `conclusioni.aux'.

 (conclusioni.tex
Chapter 6.
)

[22




] (tesi.bbl

LaTeX Warning: Empty `thebibliography' environment on input line 3.

)

[23




] (tesi.aux (introduzione.aux) (stato_arte.aux) (architettura.aux) (implementazione.aux) (risultati.aux) (conclusioni.aux))
 ***********
LaTeX2e <2025-06-01> patch level 1
L3 programming layer <2025-08-13>
 ***********


LaTeX Warning: There were undefined references.

Package rerunfilecheck Info: File `tesi.out' has not changed.
(rerunfilecheck)             Checksum: 386088DB74151B0CC32ED192B0538181;10141.
 ) 
Here is how much of TeX's memory you used:
 9645 strings out of 468133
 151340 string characters out of 5431196
 567700 words of memory out of 5000000
 38012 multiletter control sequences out of 15000+600000
 660372 words of font info for 76 fonts, out of 8000000 for 9000
 1141 hyphenation exceptions out of 8191
 75i,6n,79p,1098b,622s stack positions out of 10000i,1000n,20000p,200000b,200000s
<C:/Users/Anto/AppData/Local/Programs/MiKTeX/fonts/type1/urw/courier/ucrr8a.pfb><C:/Users/Anto/AppData/Local/Programs/MiKTeX/fonts/type1/urw/times/utmb8a.pfb><C:/Users/Anto/AppData/Local/Programs/MiKTeX/fonts/type1/urw/times/utmr8a.pfb>
Output written on tesi.pdf (25 pages, 141259 bytes).
PDF statistics:
 399 PDF objects out of 1000 (max. 8388607)
 93 named destinations out of 1000 (max. 500000)
 369 words of extra memory for PDF output out of 10000 (max. 10000000)

